
> portifolio@0.1.0 build
> next build

The Next Bundle Analyzer is not compatible with Turbopack builds, no report will be generated.

Consider trying the new Turbopack analyzer via `next experimental-analyze`.

See https://nextjs.org/docs/app/guides/package-bundling for more information

To run this analysis pass the `--webpack` flag to `next build`
▲ Next.js 16.2.6 (Turbopack)
- Experiments (use with caution):
  · optimizePackageImports

⚠ The "middleware" file convention is deprecated. Please use "proxy" instead. Learn more: https://nextjs.org/docs/messages/middleware-to-proxy
  Creating an optimized production build ...
The Next Bundle Analyzer is not compatible with Turbopack builds, no report will be generated.

Consider trying the new Turbopack analyzer via `next experimental-analyze`.

See https://nextjs.org/docs/app/guides/package-bundling for more information

To run this analysis pass the `--webpack` flag to `next build`
✓ Compiled successfully in 12.7s
  Running TypeScript ...
  Finished TypeScript in 9.9s ...
  Collecting page data using 5 workers ...
⚠ Using edge runtime on a page currently disables static generation for that page
  Generating static pages using 5 workers (0/6) ...
⚠ metadataBase property in metadata export is not set for resolving social open graph or twitter images, using "http://localhost:3000". See https://nextjs.org/docs/app/api-reference/functions/generate-metadata#metadatabase
  Generating static pages using 5 workers (1/6) 
  Generating static pages using 5 workers (2/6) 
  Generating static pages using 5 workers (4/6) 
✓ Generating static pages using 5 workers (6/6) in 1378ms
  Finalizing page optimization ...

Route (app)
┌ ○ /_not-found
├ ƒ /[locale]
├ ƒ /[locale]/insights/go-em-producao
├ ƒ /api/contact
├ ○ /opengraph-image
├ ○ /robots.txt
└ ○ /sitemap.xml


ƒ Proxy (Middleware)

○  (Static)   prerendered as static content
ƒ  (Dynamic)  server-rendered on demand

